vite v8.2.2 building client environment for production...
transforming...
✓ 3215 modules transformed.
rendering chunks...
computing gzip size...
artifacts/ops-jit-isolation/2026-09-07T12-38-29.339Z-18dfc3ef-1f94-4801-96cf-4670f9a00052/ui-dist/index.html                                     3.13 kB │ gzip:   0.87 kB
artifacts/ops-jit-isolation/2026-09-07T12-38-29.339Z-18dfc3ef-1f94-4801-96cf-4670f9a00052/ui-dist/assets/antd-runtime-B5BXDqMa.css               2.98 kB │ gzip:   1.13 kB
artifacts/ops-jit-isolation/2026-09-07T12-38-29.339Z-18dfc3ef-1f94-4801-96cf-4670f9a00052/ui-dist/assets/index-DAgEBuXP.css                     19.80 kB │ gzip:   4.69 kB
artifacts/ops-jit-isolation/2026-09-07T12-38-29.339Z-18dfc3ef-1f94-4801-96cf-4670f9a00052/ui-dist/assets/antd-row-D3cqtphD.js                    0.06 kB │ gzip:   0.07 kB
artifacts/ops-jit-isolation/2026-09-07T12-38-29.339Z-18dfc3ef-1f94-4801-96cf-4670f9a00052/ui-dist/assets/antd-button-ChFi9OH_.js                 0.06 kB │ gzip:   0.08 kB
artifacts/ops-jit-isolation/2026-09-07T12-38-29.339Z-18dfc3ef-1f94-4801-96cf-4670f9a00052/ui-dist/assets/react-Bd5ulOAF.js                       0.43 kB │ gzip:   0.30 kB
artifacts/ops-jit-isolation/2026-09-07T12-38-29.339Z-18dfc3ef-1f94-4801-96cf-4670f9a00052/ui-dist/assets/modelReadiness-DQTR_EiA.js              0.60 kB │ gzip:   0.41 kB
artifacts/ops-jit-isolation/2026-09-07T12-38-29.339Z-18dfc3ef-1f94-4801-96cf-4670f9a00052/ui-dist/assets/rolldown-runtime-W7wSyTde.js            0.97 kB │ gzip:   0.56 kB
artifacts/ops-jit-isolation/2026-09-07T12-38-29.339Z-18dfc3ef-1f94-4801-96cf-4670f9a00052/ui-dist/assets/antd-modal-BUSNqD2S.js                  1.38 kB │ gzip:   0.75 kB
artifacts/ops-jit-isolation/2026-09-07T12-38-29.339Z-18dfc3ef-1f94-4801-96cf-4670f9a00052/ui-dist/assets/antd-layout-CK9C0HlJ.js                 1.55 kB │ gzip:   0.80 kB
artifacts/ops-jit-isolation/2026-09-07T12-38-29.339Z-18dfc3ef-1f94-4801-96cf-4670f9a00052/ui-dist/assets/antd-flex-DpIFjlaF.js                   2.08 kB │ gzip:   0.99 kB
artifacts/ops-jit-isolation/2026-09-07T12-38-29.339Z-18dfc3ef-1f94-4801-96cf-4670f9a00052/ui-dist/assets/antd-col-F4QYtzlY.js                    2.74 kB │ gzip:   1.42 kB
artifacts/ops-jit-isolation/2026-09-07T12-38-29.339Z-18dfc3ef-1f94-4801-96cf-4670f9a00052/ui-dist/assets/antd-statistic-T6gL3p1f.js              4.14 kB │ gzip:   1.92 kB
artifacts/ops-jit-isolation/2026-09-07T12-38-29.339Z-18dfc3ef-1f94-4801-96cf-4670f9a00052/ui-dist/assets/antd-divider-mNd8uCBQ.js                4.59 kB │ gzip:   1.75 kB
artifacts/ops-jit-isolation/2026-09-07T12-38-29.339Z-18dfc3ef-1f94-4801-96cf-4670f9a00052/ui-dist/assets/antd-runtime-DUldMNl7.js                5.11 kB │ gzip:   2.24 kB
artifacts/ops-jit-isolation/2026-09-07T12-38-29.339Z-18dfc3ef-1f94-4801-96cf-4670f9a00052/ui-dist/assets/antd-config-provider-BO1gT_9L.js        5.18 kB │ gzip:   2.20 kB
artifacts/ops-jit-isolation/2026-09-07T12-38-29.339Z-18dfc3ef-1f94-4801-96cf-4670f9a00052/ui-dist/assets/StoragePage-CuXEx7SP.js                 6.44 kB │ gzip:   2.83 kB
artifacts/ops-jit-isolation/2026-09-07T12-38-29.339Z-18dfc3ef-1f94-4801-96cf-4670f9a00052/ui-dist/assets/antd-timeline--2ukEjyU.js               6.63 kB │ gzip:   2.53 kB
artifacts/ops-jit-isolation/2026-09-07T12-38-29.339Z-18dfc3ef-1f94-4801-96cf-4670f9a00052/ui-dist/assets/antd-switch-DaDIoX2s.js                 7.50 kB │ gzip:   2.62 kB
artifacts/ops-jit-isolation/2026-09-07T12-38-29.339Z-18dfc3ef-1f94-4801-96cf-4670f9a00052/ui-dist/assets/antd-checkbox-BDYTjsEZ.js               7.54 kB │ gzip:   3.14 kB
artifacts/ops-jit-isolation/2026-09-07T12-38-29.339Z-18dfc3ef-1f94-4801-96cf-4670f9a00052/ui-dist/assets/antd-descriptions-DXFNjHle.js           7.86 kB │ gzip:   2.79 kB
artifacts/ops-jit-isolation/2026-09-07T12-38-29.339Z-18dfc3ef-1f94-4801-96cf-4670f9a00052/ui-dist/assets/antd-tag-BVgxe22P.js                    8.50 kB │ gzip:   3.32 kB
artifacts/ops-jit-isolation/2026-09-07T12-38-29.339Z-18dfc3ef-1f94-4801-96cf-4670f9a00052/ui-dist/assets/antd-alert-10l3fiOL.js                  8.67 kB │ gzip:   3.38 kB
artifacts/ops-jit-isolation/2026-09-07T12-38-29.339Z-18dfc3ef-1f94-4801-96cf-4670f9a00052/ui-dist/assets/antd-segmented-FL8vAHcL.js              9.24 kB │ gzip:   3.54 kB
artifacts/ops-jit-isolation/2026-09-07T12-38-29.339Z-18dfc3ef-1f94-4801-96cf-4670f9a00052/ui-dist/assets/ModelsPage-sI9cmYtu.js                 10.21 kB │ gzip:   3.92 kB
artifacts/ops-jit-isolation/2026-09-07T12-38-29.339Z-18dfc3ef-1f94-4801-96cf-4670f9a00052/ui-dist/assets/antd-radio-CF-RYtbL.js                 10.94 kB │ gzip:   3.71 kB
artifacts/ops-jit-isolation/2026-09-07T12-38-29.339Z-18dfc3ef-1f94-4801-96cf-4670f9a00052/ui-dist/assets/RulesPage-CeAXaMof.js                  11.46 kB │ gzip:   4.64 kB
artifacts/ops-jit-isolation/2026-09-07T12-38-29.339Z-18dfc3ef-1f94-4801-96cf-4670f9a00052/ui-dist/assets/antd-drawer-cS91h5jN.js                14.33 kB │ gzip:   5.54 kB
artifacts/ops-jit-isolation/2026-09-07T12-38-29.339Z-18dfc3ef-1f94-4801-96cf-4670f9a00052/ui-dist/assets/antd-progress-BNa1S259.js              14.90 kB │ gzip:   5.76 kB
artifacts/ops-jit-isolation/2026-09-07T12-38-29.339Z-18dfc3ef-1f94-4801-96cf-4670f9a00052/ui-dist/assets/KnowledgePage-D-zHvgCC.js              15.27 kB │ gzip:   5.16 kB
artifacts/ops-jit-isolation/2026-09-07T12-38-29.339Z-18dfc3ef-1f94-4801-96cf-4670f9a00052/ui-dist/assets/CommercialReadinessPanel-FxL9w4_G.js   15.60 kB │ gzip:   4.81 kB
artifacts/ops-jit-isolation/2026-09-07T12-38-29.339Z-18dfc3ef-1f94-4801-96cf-4670f9a00052/ui-dist/assets/MembersPage-Cu8OJRLv.js                16.35 kB │ gzip:   6.16 kB
artifacts/ops-jit-isolation/2026-09-07T12-38-29.339Z-18dfc3ef-1f94-4801-96cf-4670f9a00052/ui-dist/assets/AuditPage-Dpd7BOah.js                  16.73 kB │ gzip:   5.78 kB
artifacts/ops-jit-isolation/2026-09-07T12-38-29.339Z-18dfc3ef-1f94-4801-96cf-4670f9a00052/ui-dist/assets/antd-typography-CFSyQ8CH.js            17.24 kB │ gzip:   6.79 kB
artifacts/ops-jit-isolation/2026-09-07T12-38-29.339Z-18dfc3ef-1f94-4801-96cf-4670f9a00052/ui-dist/assets/IncidentsRoute-BVZMT9mN.js             17.38 kB │ gzip:   5.83 kB
artifacts/ops-jit-isolation/2026-09-07T12-38-29.339Z-18dfc3ef-1f94-4801-96cf-4670f9a00052/ui-dist/assets/FeatureFlagsRoute-Bj0ucDlA.js          18.63 kB │ gzip:   6.91 kB
artifacts/ops-jit-isolation/2026-09-07T12-38-29.339Z-18dfc3ef-1f94-4801-96cf-4670f9a00052/ui-dist/assets/antd-input-number-H8SoXwm9.js          19.60 kB │ gzip:   7.12 kB
artifacts/ops-jit-isolation/2026-09-07T12-38-29.339Z-18dfc3ef-1f94-4801-96cf-4670f9a00052/ui-dist/assets/OverviewPage-C0pDfmTd.js               22.87 kB │ gzip:   8.09 kB
artifacts/ops-jit-isolation/2026-09-07T12-38-29.339Z-18dfc3ef-1f94-4801-96cf-4670f9a00052/ui-dist/assets/SupportRoute-DkwI1YaZ.js               24.50 kB │ gzip:   8.43 kB
artifacts/ops-jit-isolation/2026-09-07T12-38-29.339Z-18dfc3ef-1f94-4801-96cf-4670f9a00052/ui-dist/assets/antd-form-BSnrCSvH.js                  26.57 kB │ gzip:  10.30 kB
artifacts/ops-jit-isolation/2026-09-07T12-38-29.339Z-18dfc3ef-1f94-4801-96cf-4670f9a00052/ui-dist/assets/antd-upload-DWHrwA-D.js                27.73 kB │ gzip:   9.90 kB
artifacts/ops-jit-isolation/2026-09-07T12-38-29.339Z-18dfc3ef-1f94-4801-96cf-4670f9a00052/ui-dist/assets/antd-steps-PTuA97H1.js                 29.96 kB │ gzip:   8.57 kB
artifacts/ops-jit-isolation/2026-09-07T12-38-29.339Z-18dfc3ef-1f94-4801-96cf-4670f9a00052/ui-dist/assets/antd-result-BhSgnSVT.js                33.84 kB │ gzip:  10.41 kB
artifacts/ops-jit-isolation/2026-09-07T12-38-29.339Z-18dfc3ef-1f94-4801-96cf-4670f9a00052/ui-dist/assets/antd-input-DrvjNlM6.js                 43.32 kB │ gzip:  13.15 kB
artifacts/ops-jit-isolation/2026-09-07T12-38-29.339Z-18dfc3ef-1f94-4801-96cf-4670f9a00052/ui-dist/assets/FinancePage-BbkXBmgz.js                45.42 kB │ gzip:  12.15 kB
artifacts/ops-jit-isolation/2026-09-07T12-38-29.339Z-18dfc3ef-1f94-4801-96cf-4670f9a00052/ui-dist/assets/StoresPage-CiHekD93.js                 49.03 kB │ gzip:  14.70 kB
artifacts/ops-jit-isolation/2026-09-07T12-38-29.339Z-18dfc3ef-1f94-4801-96cf-4670f9a00052/ui-dist/assets/antd-icons-B9mqB-CV.js                 57.60 kB │ gzip:  12.97 kB
artifacts/ops-jit-isolation/2026-09-07T12-38-29.339Z-18dfc3ef-1f94-4801-96cf-4670f9a00052/ui-dist/assets/antd-dropdown-DpT87uWd.js              58.70 kB │ gzip:  17.28 kB
artifacts/ops-jit-isolation/2026-09-07T12-38-29.339Z-18dfc3ef-1f94-4801-96cf-4670f9a00052/ui-dist/assets/antd-app-xAU45EtY.js                   65.63 kB │ gzip:  21.36 kB
artifacts/ops-jit-isolation/2026-09-07T12-38-29.339Z-18dfc3ef-1f94-4801-96cf-4670f9a00052/ui-dist/assets/antd-card-_RHtgBQq.js                  74.28 kB │ gzip:  23.09 kB
artifacts/ops-jit-isolation/2026-09-07T12-38-29.339Z-18dfc3ef-1f94-4801-96cf-4670f9a00052/ui-dist/assets/antd-list-B-Yfw4WE.js                 105.08 kB │ gzip:  33.73 kB
artifacts/ops-jit-isolation/2026-09-07T12-38-29.339Z-18dfc3ef-1f94-4801-96cf-4670f9a00052/ui-dist/assets/antd-table-DtRUkZcs.js                133.94 kB │ gzip:  42.80 kB
artifacts/ops-jit-isolation/2026-09-07T12-38-29.339Z-18dfc3ef-1f94-4801-96cf-4670f9a00052/ui-dist/assets/TasksPage-ox9UOlmm.js                 177.90 kB │ gzip:  53.12 kB
artifacts/ops-jit-isolation/2026-09-07T12-38-29.339Z-18dfc3ef-1f94-4801-96cf-4670f9a00052/ui-dist/assets/index-9OA9W2SQ.js                     190.23 kB │ gzip:  56.93 kB
artifacts/ops-jit-isolation/2026-09-07T12-38-29.339Z-18dfc3ef-1f94-4801-96cf-4670f9a00052/ui-dist/assets/antd-_util-Cx8ZCuHy.js                404.39 kB │ gzip: 135.25 kB

✓ built in 519ms
