vite v8.2.2 building client environment for production...
transforming...
✓ 3199 modules transformed.
rendering chunks...
computing gzip size...
artifacts/ops-oidc-e2e/ui-dist/index.html                                 3.04 kB │ gzip:   0.87 kB
artifacts/ops-oidc-e2e/ui-dist/assets/antd-runtime-B5BXDqMa.css           2.98 kB │ gzip:   1.13 kB
artifacts/ops-oidc-e2e/ui-dist/assets/index-CbPDEHNF.css                 16.73 kB │ gzip:   4.15 kB
artifacts/ops-oidc-e2e/ui-dist/assets/antd-row-BL1WRQpn.js                0.06 kB │ gzip:   0.07 kB
artifacts/ops-oidc-e2e/ui-dist/assets/antd-button-BNF1kcme.js             0.06 kB │ gzip:   0.08 kB
artifacts/ops-oidc-e2e/ui-dist/assets/react-CznXPbDH.js                   0.43 kB │ gzip:   0.30 kB
artifacts/ops-oidc-e2e/ui-dist/assets/rolldown-runtime-CbXtAM7H.js        0.58 kB │ gzip:   0.36 kB
artifacts/ops-oidc-e2e/ui-dist/assets/modelReadiness-DSypwm6T.js          0.60 kB │ gzip:   0.40 kB
artifacts/ops-oidc-e2e/ui-dist/assets/antd-modal-Cv8Jq8Fx.js              1.38 kB │ gzip:   0.75 kB
artifacts/ops-oidc-e2e/ui-dist/assets/antd-layout-Bfq6y6Qc.js             1.55 kB │ gzip:   0.81 kB
artifacts/ops-oidc-e2e/ui-dist/assets/antd-flex-lvTMAemD.js               2.08 kB │ gzip:   0.99 kB
artifacts/ops-oidc-e2e/ui-dist/assets/antd-col-C_kNbA1T.js                2.74 kB │ gzip:   1.42 kB
artifacts/ops-oidc-e2e/ui-dist/assets/antd-statistic-CN3vljwX.js          4.14 kB │ gzip:   1.92 kB
artifacts/ops-oidc-e2e/ui-dist/assets/antd-divider-REcPrfl1.js            4.59 kB │ gzip:   1.75 kB
artifacts/ops-oidc-e2e/ui-dist/assets/antd-config-provider-DhJDKSob.js    5.18 kB │ gzip:   2.21 kB
artifacts/ops-oidc-e2e/ui-dist/assets/StoragePage-CP9ivWWV.js             6.44 kB │ gzip:   2.83 kB
artifacts/ops-oidc-e2e/ui-dist/assets/antd-timeline-DcIE1b03.js           6.63 kB │ gzip:   2.53 kB
artifacts/ops-oidc-e2e/ui-dist/assets/antd-switch-ZDYOg5jx.js             7.50 kB │ gzip:   2.61 kB
artifacts/ops-oidc-e2e/ui-dist/assets/antd-checkbox-DoNvoSRY.js           7.54 kB │ gzip:   3.14 kB
artifacts/ops-oidc-e2e/ui-dist/assets/antd-descriptions-ByCpc6NT.js       7.87 kB │ gzip:   2.79 kB
artifacts/ops-oidc-e2e/ui-dist/assets/antd-tag-BkE95Q6H.js                8.50 kB │ gzip:   3.32 kB
artifacts/ops-oidc-e2e/ui-dist/assets/antd-alert--GAh5lpF.js              8.67 kB │ gzip:   3.37 kB
artifacts/ops-oidc-e2e/ui-dist/assets/antd-segmented-BhxcnL3s.js          9.24 kB │ gzip:   3.53 kB
artifacts/ops-oidc-e2e/ui-dist/assets/RulesPage-IGYI0Bjx.js               9.80 kB │ gzip:   4.02 kB
artifacts/ops-oidc-e2e/ui-dist/assets/ModelsPage-QxQxaMJT.js             10.15 kB │ gzip:   3.89 kB
artifacts/ops-oidc-e2e/ui-dist/assets/antd-radio-2vWaTFj4.js             10.94 kB │ gzip:   3.71 kB
artifacts/ops-oidc-e2e/ui-dist/assets/MembersPage-CKo2BhtF.js            13.11 kB │ gzip:   4.91 kB
artifacts/ops-oidc-e2e/ui-dist/assets/antd-drawer-nyOOGbS5.js            14.33 kB │ gzip:   5.53 kB
artifacts/ops-oidc-e2e/ui-dist/assets/AuditPage-B7KNbtZz.js              16.73 kB │ gzip:   5.78 kB
artifacts/ops-oidc-e2e/ui-dist/assets/antd-typography-D60h4fQK.js        17.24 kB │ gzip:   6.81 kB
artifacts/ops-oidc-e2e/ui-dist/assets/IncidentsRoute-CUrwnLXz.js         17.38 kB │ gzip:   5.84 kB
artifacts/ops-oidc-e2e/ui-dist/assets/FeatureFlagsRoute-B7s-yiKa.js      18.62 kB │ gzip:   6.91 kB
artifacts/ops-oidc-e2e/ui-dist/assets/antd-input-number-BAznlaJX.js      19.60 kB │ gzip:   7.12 kB
artifacts/ops-oidc-e2e/ui-dist/assets/OverviewPage-BFWVn4hE.js           21.81 kB │ gzip:   7.64 kB
artifacts/ops-oidc-e2e/ui-dist/assets/SupportRoute-CiFbp7Wj.js           24.50 kB │ gzip:   8.43 kB
artifacts/ops-oidc-e2e/ui-dist/assets/antd-form-BY7Ac67c.js              26.56 kB │ gzip:  10.32 kB
artifacts/ops-oidc-e2e/ui-dist/assets/antd-steps-BMsBcoA5.js             29.96 kB │ gzip:   8.58 kB
artifacts/ops-oidc-e2e/ui-dist/assets/antd-result-C7o38HXJ.js            33.84 kB │ gzip:  10.41 kB
artifacts/ops-oidc-e2e/ui-dist/assets/antd-input-j-vzncoK.js             43.32 kB │ gzip:  13.15 kB
artifacts/ops-oidc-e2e/ui-dist/assets/StoresPage-BZWB2p_Q.js             49.04 kB │ gzip:  14.68 kB
artifacts/ops-oidc-e2e/ui-dist/assets/antd-icons-jITMG4zV.js             52.77 kB │ gzip:  11.99 kB
artifacts/ops-oidc-e2e/ui-dist/assets/FinancePage-BfuW8WJK.js            56.40 kB │ gzip:  14.66 kB
artifacts/ops-oidc-e2e/ui-dist/assets/antd-dropdown-DQE_gHMb.js          58.70 kB │ gzip:  17.28 kB
artifacts/ops-oidc-e2e/ui-dist/assets/antd-app-DA9OGGOB.js               65.63 kB │ gzip:  21.33 kB
artifacts/ops-oidc-e2e/ui-dist/assets/antd-card-BUBWGrbs.js              74.28 kB │ gzip:  23.07 kB
artifacts/ops-oidc-e2e/ui-dist/assets/TasksPage-a7YuYieI.js              77.64 kB │ gzip:  22.48 kB
artifacts/ops-oidc-e2e/ui-dist/assets/antd-list-DLerX_Fc.js             105.07 kB │ gzip:  33.72 kB
artifacts/ops-oidc-e2e/ui-dist/assets/antd-table-CKZ9YrUO.js            133.95 kB │ gzip:  42.80 kB
artifacts/ops-oidc-e2e/ui-dist/assets/index-BgqeEFP9.js                 183.25 kB │ gzip:  54.68 kB
artifacts/ops-oidc-e2e/ui-dist/assets/antd-_util-COzEKQu4.js            404.38 kB │ gzip: 135.24 kB

✓ built in 358ms
