vite v8.2.2 building client environment for production...
transforming...
✓ 3214 modules transformed.
rendering chunks...
computing gzip size...
artifacts/ops-jit-isolation/2026-09-08T06-08-20.663Z-32b11466-8449-45fa-a77b-246e68f46a7d/ui-dist/index.html                                     3.13 kB │ gzip:   0.87 kB
artifacts/ops-jit-isolation/2026-09-08T06-08-20.663Z-32b11466-8449-45fa-a77b-246e68f46a7d/ui-dist/assets/antd-runtime-B5BXDqMa.css               2.98 kB │ gzip:   1.13 kB
artifacts/ops-jit-isolation/2026-09-08T06-08-20.663Z-32b11466-8449-45fa-a77b-246e68f46a7d/ui-dist/assets/index-BfVO_-t3.css                     20.09 kB │ gzip:   4.74 kB
artifacts/ops-jit-isolation/2026-09-08T06-08-20.663Z-32b11466-8449-45fa-a77b-246e68f46a7d/ui-dist/assets/antd-row-D3cqtphD.js                    0.06 kB │ gzip:   0.07 kB
artifacts/ops-jit-isolation/2026-09-08T06-08-20.663Z-32b11466-8449-45fa-a77b-246e68f46a7d/ui-dist/assets/antd-button-ChFi9OH_.js                 0.06 kB │ gzip:   0.08 kB
artifacts/ops-jit-isolation/2026-09-08T06-08-20.663Z-32b11466-8449-45fa-a77b-246e68f46a7d/ui-dist/assets/react-Bd5ulOAF.js                       0.43 kB │ gzip:   0.30 kB
artifacts/ops-jit-isolation/2026-09-08T06-08-20.663Z-32b11466-8449-45fa-a77b-246e68f46a7d/ui-dist/assets/modelReadiness-DQTR_EiA.js              0.60 kB │ gzip:   0.41 kB
artifacts/ops-jit-isolation/2026-09-08T06-08-20.663Z-32b11466-8449-45fa-a77b-246e68f46a7d/ui-dist/assets/rolldown-runtime-W7wSyTde.js            0.97 kB │ gzip:   0.56 kB
artifacts/ops-jit-isolation/2026-09-08T06-08-20.663Z-32b11466-8449-45fa-a77b-246e68f46a7d/ui-dist/assets/antd-modal-BUSNqD2S.js                  1.38 kB │ gzip:   0.75 kB
artifacts/ops-jit-isolation/2026-09-08T06-08-20.663Z-32b11466-8449-45fa-a77b-246e68f46a7d/ui-dist/assets/antd-layout-CK9C0HlJ.js                 1.55 kB │ gzip:   0.80 kB
artifacts/ops-jit-isolation/2026-09-08T06-08-20.663Z-32b11466-8449-45fa-a77b-246e68f46a7d/ui-dist/assets/antd-flex-DpIFjlaF.js                   2.08 kB │ gzip:   0.99 kB
artifacts/ops-jit-isolation/2026-09-08T06-08-20.663Z-32b11466-8449-45fa-a77b-246e68f46a7d/ui-dist/assets/antd-col-F4QYtzlY.js                    2.74 kB │ gzip:   1.42 kB
artifacts/ops-jit-isolation/2026-09-08T06-08-20.663Z-32b11466-8449-45fa-a77b-246e68f46a7d/ui-dist/assets/antd-statistic-T6gL3p1f.js              4.14 kB │ gzip:   1.92 kB
artifacts/ops-jit-isolation/2026-09-08T06-08-20.663Z-32b11466-8449-45fa-a77b-246e68f46a7d/ui-dist/assets/antd-divider-mNd8uCBQ.js                4.59 kB │ gzip:   1.75 kB
artifacts/ops-jit-isolation/2026-09-08T06-08-20.663Z-32b11466-8449-45fa-a77b-246e68f46a7d/ui-dist/assets/antd-runtime-DUldMNl7.js                5.11 kB │ gzip:   2.24 kB
artifacts/ops-jit-isolation/2026-09-08T06-08-20.663Z-32b11466-8449-45fa-a77b-246e68f46a7d/ui-dist/assets/antd-config-provider-BO1gT_9L.js        5.18 kB │ gzip:   2.20 kB
artifacts/ops-jit-isolation/2026-09-08T06-08-20.663Z-32b11466-8449-45fa-a77b-246e68f46a7d/ui-dist/assets/StoragePage-CVVNVsyF.js                 6.44 kB │ gzip:   2.83 kB
artifacts/ops-jit-isolation/2026-09-08T06-08-20.663Z-32b11466-8449-45fa-a77b-246e68f46a7d/ui-dist/assets/antd-timeline--2ukEjyU.js               6.63 kB │ gzip:   2.53 kB
artifacts/ops-jit-isolation/2026-09-08T06-08-20.663Z-32b11466-8449-45fa-a77b-246e68f46a7d/ui-dist/assets/antd-switch-DaDIoX2s.js                 7.50 kB │ gzip:   2.62 kB
artifacts/ops-jit-isolation/2026-09-08T06-08-20.663Z-32b11466-8449-45fa-a77b-246e68f46a7d/ui-dist/assets/antd-checkbox-BDYTjsEZ.js               7.54 kB │ gzip:   3.14 kB
artifacts/ops-jit-isolation/2026-09-08T06-08-20.663Z-32b11466-8449-45fa-a77b-246e68f46a7d/ui-dist/assets/antd-descriptions-DXFNjHle.js           7.86 kB │ gzip:   2.79 kB
artifacts/ops-jit-isolation/2026-09-08T06-08-20.663Z-32b11466-8449-45fa-a77b-246e68f46a7d/ui-dist/assets/antd-tag-BVgxe22P.js                    8.50 kB │ gzip:   3.32 kB
artifacts/ops-jit-isolation/2026-09-08T06-08-20.663Z-32b11466-8449-45fa-a77b-246e68f46a7d/ui-dist/assets/antd-alert-10l3fiOL.js                  8.67 kB │ gzip:   3.38 kB
artifacts/ops-jit-isolation/2026-09-08T06-08-20.663Z-32b11466-8449-45fa-a77b-246e68f46a7d/ui-dist/assets/antd-segmented-FL8vAHcL.js              9.24 kB │ gzip:   3.54 kB
artifacts/ops-jit-isolation/2026-09-08T06-08-20.663Z-32b11466-8449-45fa-a77b-246e68f46a7d/ui-dist/assets/ModelsPage-BCdIz4-k.js                 10.21 kB │ gzip:   3.92 kB
artifacts/ops-jit-isolation/2026-09-08T06-08-20.663Z-32b11466-8449-45fa-a77b-246e68f46a7d/ui-dist/assets/antd-radio-CF-RYtbL.js                 10.94 kB │ gzip:   3.71 kB
artifacts/ops-jit-isolation/2026-09-08T06-08-20.663Z-32b11466-8449-45fa-a77b-246e68f46a7d/ui-dist/assets/RulesPage-AMHg3p3K.js                  11.46 kB │ gzip:   4.64 kB
artifacts/ops-jit-isolation/2026-09-08T06-08-20.663Z-32b11466-8449-45fa-a77b-246e68f46a7d/ui-dist/assets/antd-drawer-cS91h5jN.js                14.33 kB │ gzip:   5.54 kB
artifacts/ops-jit-isolation/2026-09-08T06-08-20.663Z-32b11466-8449-45fa-a77b-246e68f46a7d/ui-dist/assets/antd-progress-BNa1S259.js              14.90 kB │ gzip:   5.76 kB
artifacts/ops-jit-isolation/2026-09-08T06-08-20.663Z-32b11466-8449-45fa-a77b-246e68f46a7d/ui-dist/assets/KnowledgePage-Che2ugAm.js              15.88 kB │ gzip:   5.34 kB
artifacts/ops-jit-isolation/2026-09-08T06-08-20.663Z-32b11466-8449-45fa-a77b-246e68f46a7d/ui-dist/assets/MembersPage-BcHiFZnD.js                16.35 kB │ gzip:   6.16 kB
artifacts/ops-jit-isolation/2026-09-08T06-08-20.663Z-32b11466-8449-45fa-a77b-246e68f46a7d/ui-dist/assets/AuditPage-DMHrM7U7.js                  16.73 kB │ gzip:   5.78 kB
artifacts/ops-jit-isolation/2026-09-08T06-08-20.663Z-32b11466-8449-45fa-a77b-246e68f46a7d/ui-dist/assets/antd-typography-CFSyQ8CH.js            17.24 kB │ gzip:   6.79 kB
artifacts/ops-jit-isolation/2026-09-08T06-08-20.663Z-32b11466-8449-45fa-a77b-246e68f46a7d/ui-dist/assets/IncidentsRoute-BNT-UZ_k.js             17.38 kB │ gzip:   5.84 kB
artifacts/ops-jit-isolation/2026-09-08T06-08-20.663Z-32b11466-8449-45fa-a77b-246e68f46a7d/ui-dist/assets/FeatureFlagsRoute-CjfddEYD.js          18.63 kB │ gzip:   6.91 kB
artifacts/ops-jit-isolation/2026-09-08T06-08-20.663Z-32b11466-8449-45fa-a77b-246e68f46a7d/ui-dist/assets/antd-input-number-H8SoXwm9.js          19.60 kB │ gzip:   7.12 kB
artifacts/ops-jit-isolation/2026-09-08T06-08-20.663Z-32b11466-8449-45fa-a77b-246e68f46a7d/ui-dist/assets/CommercialReadinessPanel-DCUg1X85.js   23.31 kB │ gzip:   6.88 kB
artifacts/ops-jit-isolation/2026-09-08T06-08-20.663Z-32b11466-8449-45fa-a77b-246e68f46a7d/ui-dist/assets/OverviewPage-DsAT1ASI.js               23.41 kB │ gzip:   8.21 kB
artifacts/ops-jit-isolation/2026-09-08T06-08-20.663Z-32b11466-8449-45fa-a77b-246e68f46a7d/ui-dist/assets/SupportRoute-D2egrL5e.js               26.28 kB │ gzip:   8.63 kB
artifacts/ops-jit-isolation/2026-09-08T06-08-20.663Z-32b11466-8449-45fa-a77b-246e68f46a7d/ui-dist/assets/antd-form-BSnrCSvH.js                  26.57 kB │ gzip:  10.30 kB
artifacts/ops-jit-isolation/2026-09-08T06-08-20.663Z-32b11466-8449-45fa-a77b-246e68f46a7d/ui-dist/assets/antd-upload-DWHrwA-D.js                27.73 kB │ gzip:   9.90 kB
artifacts/ops-jit-isolation/2026-09-08T06-08-20.663Z-32b11466-8449-45fa-a77b-246e68f46a7d/ui-dist/assets/antd-steps-PTuA97H1.js                 29.96 kB │ gzip:   8.57 kB
artifacts/ops-jit-isolation/2026-09-08T06-08-20.663Z-32b11466-8449-45fa-a77b-246e68f46a7d/ui-dist/assets/antd-result-BhSgnSVT.js                33.84 kB │ gzip:  10.41 kB
artifacts/ops-jit-isolation/2026-09-08T06-08-20.663Z-32b11466-8449-45fa-a77b-246e68f46a7d/ui-dist/assets/antd-input-DrvjNlM6.js                 43.32 kB │ gzip:  13.15 kB
artifacts/ops-jit-isolation/2026-09-08T06-08-20.663Z-32b11466-8449-45fa-a77b-246e68f46a7d/ui-dist/assets/StoresPage-CBG1a3dV.js                 49.03 kB │ gzip:  14.70 kB
artifacts/ops-jit-isolation/2026-09-08T06-08-20.663Z-32b11466-8449-45fa-a77b-246e68f46a7d/ui-dist/assets/FinancePage-DHDX8h1Y.js                50.04 kB │ gzip:  13.39 kB
artifacts/ops-jit-isolation/2026-09-08T06-08-20.663Z-32b11466-8449-45fa-a77b-246e68f46a7d/ui-dist/assets/antd-icons-B9mqB-CV.js                 57.60 kB │ gzip:  12.97 kB
artifacts/ops-jit-isolation/2026-09-08T06-08-20.663Z-32b11466-8449-45fa-a77b-246e68f46a7d/ui-dist/assets/antd-dropdown-DpT87uWd.js              58.70 kB │ gzip:  17.28 kB
artifacts/ops-jit-isolation/2026-09-08T06-08-20.663Z-32b11466-8449-45fa-a77b-246e68f46a7d/ui-dist/assets/antd-app-xAU45EtY.js                   65.63 kB │ gzip:  21.36 kB
artifacts/ops-jit-isolation/2026-09-08T06-08-20.663Z-32b11466-8449-45fa-a77b-246e68f46a7d/ui-dist/assets/antd-card-_RHtgBQq.js                  74.28 kB │ gzip:  23.09 kB
artifacts/ops-jit-isolation/2026-09-08T06-08-20.663Z-32b11466-8449-45fa-a77b-246e68f46a7d/ui-dist/assets/antd-list-B-Yfw4WE.js                 105.08 kB │ gzip:  33.73 kB
artifacts/ops-jit-isolation/2026-09-08T06-08-20.663Z-32b11466-8449-45fa-a77b-246e68f46a7d/ui-dist/assets/antd-table-DtRUkZcs.js                133.94 kB │ gzip:  42.80 kB
artifacts/ops-jit-isolation/2026-09-08T06-08-20.663Z-32b11466-8449-45fa-a77b-246e68f46a7d/ui-dist/assets/TasksPage-Du7Ub8P9.js                 181.02 kB │ gzip:  54.10 kB
artifacts/ops-jit-isolation/2026-09-08T06-08-20.663Z-32b11466-8449-45fa-a77b-246e68f46a7d/ui-dist/assets/index-CRU9DE5v.js                     191.26 kB │ gzip:  57.24 kB
artifacts/ops-jit-isolation/2026-09-08T06-08-20.663Z-32b11466-8449-45fa-a77b-246e68f46a7d/ui-dist/assets/antd-_util-Cx8ZCuHy.js                404.39 kB │ gzip: 135.25 kB

✓ built in 504ms
