{"container":"merchant-auth163-pg-20260907","containerId":"25ff4fa90b47e9ecd4627f2994abbcdc8fc9cf8cf343b3a7a06545a1e519038f","image":"postgres:17-alpine@sha256:18cfe3ef5e6815560c98237d6216d1e5119702fb0f3894c8785dd58b8bbe5d73","postgresVersion":"17.11","tests":["packages/persistence/src/authorization-repository.release.postgres.test.ts","packages/persistence/src/authorization-rls-boundary.postgres.test.ts"],"report":"/Users/lixiaomei/Desktop/code/codexSkills/artifacts/audit-2026-09-07/auth163/postgres-1788776776612.json","businessDatabaseAccess":false}

 RUN  v4.1.11 /Users/lixiaomei/Desktop/code/codexSkills

 ❯ packages/persistence/src/authorization-repository.release.postgres.test.ts (1 test | 1 failed) 1310ms
     × persists a grant-bound reservation, enforces event idempotency, and replays after revoke 1309ms
 ❯ packages/persistence/src/authorization-rls-boundary.postgres.test.ts (1 test | 1 failed) 1088ms
     × does not leak platform scope and protects both authorization event ledgers 1087ms

⎯⎯⎯⎯⎯⎯⎯ Failed Tests 2 ⎯⎯⎯⎯⎯⎯⎯

 FAIL  packages/persistence/src/authorization-repository.release.postgres.test.ts > authorization execution reservation PostgreSQL release acceptance > persists a grant-bound reservation, enforces event idempotency, and replays after revoke
error: ops access grant scope is invalid
 ❯ node_modules/pg/lib/client.js:694:17
 ❯ packages/persistence/src/authorization-repository.ts:338:379

 ❯ PostgresAuthorizationRepository.transaction packages/persistence/src/authorization-repository.ts:330:301
 ❯ packages/persistence/src/authorization-repository.release.postgres.test.ts:37:21

⎯⎯⎯⎯⎯⎯⎯⎯⎯⎯⎯⎯⎯⎯⎯⎯⎯⎯⎯⎯⎯⎯⎯⎯[1/2]⎯

 FAIL  packages/persistence/src/authorization-rls-boundary.postgres.test.ts > authorization RLS/ACL boundary PostgreSQL probe > does not leak platform scope and protects both authorization event ledgers
error: ops access grant scope is invalid
 ❯ node_modules/pg-pool/index.js:45:11
 ❯ packages/persistence/src/authorization-rls-boundary.postgres.test.ts:39:7


⎯⎯⎯⎯⎯⎯⎯⎯⎯⎯⎯⎯⎯⎯⎯⎯⎯⎯⎯⎯⎯⎯⎯⎯[2/2]⎯


 Test Files  2 failed (2)
      Tests  2 failed (2)
   Start at  18:26:16
   Duration  2.80s (transform 66ms, setup 0ms, import 127ms, tests 2.40s, environment 0ms)

JSON report written to /Users/lixiaomei/Desktop/code/codexSkills/artifacts/audit-2026-09-07/auth163/postgres-1788776776612.json
{"exactFiles":true,"allFilesExecuted":true,"files":2,"counts":{"failed":2},"notExecuted":0,"expectedFiles":2}
