vite v8.2.2 building client environment for production...
transforming...
✓ 3200 modules transformed.
rendering chunks...
computing gzip size...
artifacts/ops-jit-isolation/2026-09-14T07-13-02.888Z-6bbaf300-3493-4152-9a1d-15a946d51adc/ui-dist/index.html                                      2.95 kB │ gzip:   0.84 kB
artifacts/ops-jit-isolation/2026-09-14T07-13-02.888Z-6bbaf300-3493-4152-9a1d-15a946d51adc/ui-dist/assets/antd-runtime-B5BXDqMa.css                2.98 kB │ gzip:   1.13 kB
artifacts/ops-jit-isolation/2026-09-14T07-13-02.888Z-6bbaf300-3493-4152-9a1d-15a946d51adc/ui-dist/assets/index-B-Rpq80q.css                      38.75 kB │ gzip:   7.91 kB
artifacts/ops-jit-isolation/2026-09-14T07-13-02.888Z-6bbaf300-3493-4152-9a1d-15a946d51adc/ui-dist/assets/antd-row-B1ZPwhPR.js                     0.06 kB │ gzip:   0.07 kB
artifacts/ops-jit-isolation/2026-09-14T07-13-02.888Z-6bbaf300-3493-4152-9a1d-15a946d51adc/ui-dist/assets/antd-button-ChFi9OH_.js                  0.06 kB │ gzip:   0.08 kB
artifacts/ops-jit-isolation/2026-09-14T07-13-02.888Z-6bbaf300-3493-4152-9a1d-15a946d51adc/ui-dist/assets/react-Bd5ulOAF.js                        0.43 kB │ gzip:   0.30 kB
artifacts/ops-jit-isolation/2026-09-14T07-13-02.888Z-6bbaf300-3493-4152-9a1d-15a946d51adc/ui-dist/assets/rolldown-runtime-W7wSyTde.js             0.97 kB │ gzip:   0.56 kB
artifacts/ops-jit-isolation/2026-09-14T07-13-02.888Z-6bbaf300-3493-4152-9a1d-15a946d51adc/ui-dist/assets/ModelsPage-DJ5wBKsl.js                   0.98 kB │ gzip:   0.71 kB
artifacts/ops-jit-isolation/2026-09-14T07-13-02.888Z-6bbaf300-3493-4152-9a1d-15a946d51adc/ui-dist/assets/antd-modal-aEVLWPVz.js                   1.38 kB │ gzip:   0.75 kB
artifacts/ops-jit-isolation/2026-09-14T07-13-02.888Z-6bbaf300-3493-4152-9a1d-15a946d51adc/ui-dist/assets/antd-layout-DT9bjVw1.js                  1.55 kB │ gzip:   0.80 kB
artifacts/ops-jit-isolation/2026-09-14T07-13-02.888Z-6bbaf300-3493-4152-9a1d-15a946d51adc/ui-dist/assets/OpsDataState-ByWIIVfr.js                 2.04 kB │ gzip:   0.96 kB
artifacts/ops-jit-isolation/2026-09-14T07-13-02.888Z-6bbaf300-3493-4152-9a1d-15a946d51adc/ui-dist/assets/antd-flex-DpIFjlaF.js                    2.08 kB │ gzip:   0.99 kB
artifacts/ops-jit-isolation/2026-09-14T07-13-02.888Z-6bbaf300-3493-4152-9a1d-15a946d51adc/ui-dist/assets/ModelMarkupPanel-BrFodkS0.js             2.35 kB │ gzip:   1.24 kB
artifacts/ops-jit-isolation/2026-09-14T07-13-02.888Z-6bbaf300-3493-4152-9a1d-15a946d51adc/ui-dist/assets/antd-col-BygmL-9g.js                     2.74 kB │ gzip:   1.41 kB
artifacts/ops-jit-isolation/2026-09-14T07-13-02.888Z-6bbaf300-3493-4152-9a1d-15a946d51adc/ui-dist/assets/antd-message-CWKHyw6J.js                 2.74 kB │ gzip:   1.32 kB
artifacts/ops-jit-isolation/2026-09-14T07-13-02.888Z-6bbaf300-3493-4152-9a1d-15a946d51adc/ui-dist/assets/antd-statistic-CIXXPeuG.js               4.14 kB │ gzip:   1.92 kB
artifacts/ops-jit-isolation/2026-09-14T07-13-02.888Z-6bbaf300-3493-4152-9a1d-15a946d51adc/ui-dist/assets/MembersPage-7J4xfdRQ.js                  4.25 kB │ gzip:   2.14 kB
artifacts/ops-jit-isolation/2026-09-14T07-13-02.888Z-6bbaf300-3493-4152-9a1d-15a946d51adc/ui-dist/assets/antd-runtime-DUldMNl7.js                 5.11 kB │ gzip:   2.24 kB
artifacts/ops-jit-isolation/2026-09-14T07-13-02.888Z-6bbaf300-3493-4152-9a1d-15a946d51adc/ui-dist/assets/antd-config-provider-BO1gT_9L.js         5.18 kB │ gzip:   2.20 kB
artifacts/ops-jit-isolation/2026-09-14T07-13-02.888Z-6bbaf300-3493-4152-9a1d-15a946d51adc/ui-dist/assets/antd-switch-DaDIoX2s.js                  7.50 kB │ gzip:   2.62 kB
artifacts/ops-jit-isolation/2026-09-14T07-13-02.888Z-6bbaf300-3493-4152-9a1d-15a946d51adc/ui-dist/assets/antd-checkbox-O9YcQC0J.js                7.54 kB │ gzip:   3.14 kB
artifacts/ops-jit-isolation/2026-09-14T07-13-02.888Z-6bbaf300-3493-4152-9a1d-15a946d51adc/ui-dist/assets/antd-descriptions-CX9dkUSg.js            7.86 kB │ gzip:   2.79 kB
artifacts/ops-jit-isolation/2026-09-14T07-13-02.888Z-6bbaf300-3493-4152-9a1d-15a946d51adc/ui-dist/assets/StoragePage-Cs3AnTN5.js                  7.92 kB │ gzip:   3.47 kB
artifacts/ops-jit-isolation/2026-09-14T07-13-02.888Z-6bbaf300-3493-4152-9a1d-15a946d51adc/ui-dist/assets/antd-tag-Ct_wgGVF.js                     8.50 kB │ gzip:   3.32 kB
artifacts/ops-jit-isolation/2026-09-14T07-13-02.888Z-6bbaf300-3493-4152-9a1d-15a946d51adc/ui-dist/assets/OverviewPage-BgSV3SEp.js                 8.51 kB │ gzip:   3.19 kB
artifacts/ops-jit-isolation/2026-09-14T07-13-02.888Z-6bbaf300-3493-4152-9a1d-15a946d51adc/ui-dist/assets/antd-alert-10l3fiOL.js                   8.67 kB │ gzip:   3.38 kB
artifacts/ops-jit-isolation/2026-09-14T07-13-02.888Z-6bbaf300-3493-4152-9a1d-15a946d51adc/ui-dist/assets/antd-segmented-D7mjwWTV.js               9.24 kB │ gzip:   3.54 kB
artifacts/ops-jit-isolation/2026-09-14T07-13-02.888Z-6bbaf300-3493-4152-9a1d-15a946d51adc/ui-dist/assets/RulesPage-3CO1puGL.js                   10.41 kB │ gzip:   4.41 kB
artifacts/ops-jit-isolation/2026-09-14T07-13-02.888Z-6bbaf300-3493-4152-9a1d-15a946d51adc/ui-dist/assets/antd-radio-DF0v3_-h.js                  10.94 kB │ gzip:   3.71 kB
artifacts/ops-jit-isolation/2026-09-14T07-13-02.888Z-6bbaf300-3493-4152-9a1d-15a946d51adc/ui-dist/assets/CommercialOverviewSection-DvyvxsDa.js   10.97 kB │ gzip:   4.52 kB
artifacts/ops-jit-isolation/2026-09-14T07-13-02.888Z-6bbaf300-3493-4152-9a1d-15a946d51adc/ui-dist/assets/antd-badge-Bx6hgtD1.js                  11.60 kB │ gzip:   4.27 kB
artifacts/ops-jit-isolation/2026-09-14T07-13-02.888Z-6bbaf300-3493-4152-9a1d-15a946d51adc/ui-dist/assets/antd-drawer-_wFGRWen.js                 14.33 kB │ gzip:   5.54 kB
artifacts/ops-jit-isolation/2026-09-14T07-13-02.888Z-6bbaf300-3493-4152-9a1d-15a946d51adc/ui-dist/assets/antd-progress-DEElVzYX.js               14.90 kB │ gzip:   5.76 kB
artifacts/ops-jit-isolation/2026-09-14T07-13-02.888Z-6bbaf300-3493-4152-9a1d-15a946d51adc/ui-dist/assets/antd-typography-9SqD2Di6.js             17.24 kB │ gzip:   6.79 kB
artifacts/ops-jit-isolation/2026-09-14T07-13-02.888Z-6bbaf300-3493-4152-9a1d-15a946d51adc/ui-dist/assets/AuditPage-CoI96gmF.js                   17.64 kB │ gzip:   6.18 kB
artifacts/ops-jit-isolation/2026-09-14T07-13-02.888Z-6bbaf300-3493-4152-9a1d-15a946d51adc/ui-dist/assets/KnowledgePage-B3HpARhn.js               19.28 kB │ gzip:   6.40 kB
artifacts/ops-jit-isolation/2026-09-14T07-13-02.888Z-6bbaf300-3493-4152-9a1d-15a946d51adc/ui-dist/assets/antd-input-number-CCBxdFDp.js           19.60 kB │ gzip:   7.12 kB
artifacts/ops-jit-isolation/2026-09-14T07-13-02.888Z-6bbaf300-3493-4152-9a1d-15a946d51adc/ui-dist/assets/CustomerDeliveryPage-C-LLIDN3.js        23.03 kB │ gzip:   7.21 kB
artifacts/ops-jit-isolation/2026-09-14T07-13-02.888Z-6bbaf300-3493-4152-9a1d-15a946d51adc/ui-dist/assets/antd-form-D0ukx3AV.js                   26.57 kB │ gzip:  10.29 kB
artifacts/ops-jit-isolation/2026-09-14T07-13-02.888Z-6bbaf300-3493-4152-9a1d-15a946d51adc/ui-dist/assets/antd-upload-B-UmV-2l.js                 27.74 kB │ gzip:   9.90 kB
artifacts/ops-jit-isolation/2026-09-14T07-13-02.888Z-6bbaf300-3493-4152-9a1d-15a946d51adc/ui-dist/assets/antd-steps-_yIqTNtt.js                  29.95 kB │ gzip:   8.56 kB
artifacts/ops-jit-isolation/2026-09-14T07-13-02.888Z-6bbaf300-3493-4152-9a1d-15a946d51adc/ui-dist/assets/antd-result-DKlls3CM.js                 33.84 kB │ gzip:  10.40 kB
artifacts/ops-jit-isolation/2026-09-14T07-13-02.888Z-6bbaf300-3493-4152-9a1d-15a946d51adc/ui-dist/assets/antd-input-BOX_KaD0.js                  43.32 kB │ gzip:  13.15 kB
artifacts/ops-jit-isolation/2026-09-14T07-13-02.888Z-6bbaf300-3493-4152-9a1d-15a946d51adc/ui-dist/assets/StoresPage-JzEFo4V8.js                  48.01 kB │ gzip:  14.45 kB
artifacts/ops-jit-isolation/2026-09-14T07-13-02.888Z-6bbaf300-3493-4152-9a1d-15a946d51adc/ui-dist/assets/antd-dropdown-DtcuC_dN.js               58.55 kB │ gzip:  17.20 kB
artifacts/ops-jit-isolation/2026-09-14T07-13-02.888Z-6bbaf300-3493-4152-9a1d-15a946d51adc/ui-dist/assets/antd-icons-CHr5wZma.js                  58.62 kB │ gzip:  14.21 kB
artifacts/ops-jit-isolation/2026-09-14T07-13-02.888Z-6bbaf300-3493-4152-9a1d-15a946d51adc/ui-dist/assets/antd-app-CtL5ShWe.js                    66.35 kB │ gzip:  21.60 kB
artifacts/ops-jit-isolation/2026-09-14T07-13-02.888Z-6bbaf300-3493-4152-9a1d-15a946d51adc/ui-dist/assets/antd-card-Bp3EvhaA.js                   74.28 kB │ gzip:  23.08 kB
artifacts/ops-jit-isolation/2026-09-14T07-13-02.888Z-6bbaf300-3493-4152-9a1d-15a946d51adc/ui-dist/assets/antd-list-CLR74Sxq.js                  105.08 kB │ gzip:  33.72 kB
artifacts/ops-jit-isolation/2026-09-14T07-13-02.888Z-6bbaf300-3493-4152-9a1d-15a946d51adc/ui-dist/assets/FinancePage-BrkEfcPb.js                131.90 kB │ gzip:  35.96 kB
artifacts/ops-jit-isolation/2026-09-14T07-13-02.888Z-6bbaf300-3493-4152-9a1d-15a946d51adc/ui-dist/assets/antd-table-ByiQGXPN.js                 133.94 kB │ gzip:  42.79 kB
artifacts/ops-jit-isolation/2026-09-14T07-13-02.888Z-6bbaf300-3493-4152-9a1d-15a946d51adc/ui-dist/assets/TasksPage-Bjh7VMHu.js                  182.23 kB │ gzip:  54.47 kB
artifacts/ops-jit-isolation/2026-09-14T07-13-02.888Z-6bbaf300-3493-4152-9a1d-15a946d51adc/ui-dist/assets/index-Dk9zz9fv.js                      196.84 kB │ gzip:  58.65 kB
artifacts/ops-jit-isolation/2026-09-14T07-13-02.888Z-6bbaf300-3493-4152-9a1d-15a946d51adc/ui-dist/assets/antd-_util-Cx8ZCuHy.js                 404.39 kB │ gzip: 135.25 kB

✓ built in 517ms
