vite v8.2.2 building client environment for production...
transforming...
✓ 3196 modules transformed.
rendering chunks...
computing gzip size...
artifacts/ops-jit-isolation/2026-09-10T04-36-46.047Z-62fbed62-454d-4bc8-95a2-125cf71d78c1/ui-dist/index.html                                 3.12 kB │ gzip:   0.87 kB
artifacts/ops-jit-isolation/2026-09-10T04-36-46.047Z-62fbed62-454d-4bc8-95a2-125cf71d78c1/ui-dist/assets/antd-runtime-B5BXDqMa.css           2.98 kB │ gzip:   1.13 kB
artifacts/ops-jit-isolation/2026-09-10T04-36-46.047Z-62fbed62-454d-4bc8-95a2-125cf71d78c1/ui-dist/assets/index-5c65FUN1.css                 25.59 kB │ gzip:   5.74 kB
artifacts/ops-jit-isolation/2026-09-10T04-36-46.047Z-62fbed62-454d-4bc8-95a2-125cf71d78c1/ui-dist/assets/antd-row-D3cqtphD.js                0.06 kB │ gzip:   0.07 kB
artifacts/ops-jit-isolation/2026-09-10T04-36-46.047Z-62fbed62-454d-4bc8-95a2-125cf71d78c1/ui-dist/assets/antd-button-ChFi9OH_.js             0.06 kB │ gzip:   0.08 kB
artifacts/ops-jit-isolation/2026-09-10T04-36-46.047Z-62fbed62-454d-4bc8-95a2-125cf71d78c1/ui-dist/assets/react-Bd5ulOAF.js                   0.43 kB │ gzip:   0.30 kB
artifacts/ops-jit-isolation/2026-09-10T04-36-46.047Z-62fbed62-454d-4bc8-95a2-125cf71d78c1/ui-dist/assets/rolldown-runtime-W7wSyTde.js        0.97 kB │ gzip:   0.56 kB
artifacts/ops-jit-isolation/2026-09-10T04-36-46.047Z-62fbed62-454d-4bc8-95a2-125cf71d78c1/ui-dist/assets/antd-modal-BUSNqD2S.js              1.38 kB │ gzip:   0.75 kB
artifacts/ops-jit-isolation/2026-09-10T04-36-46.047Z-62fbed62-454d-4bc8-95a2-125cf71d78c1/ui-dist/assets/antd-layout-X6iFxnMN.js             1.55 kB │ gzip:   0.80 kB
artifacts/ops-jit-isolation/2026-09-10T04-36-46.047Z-62fbed62-454d-4bc8-95a2-125cf71d78c1/ui-dist/assets/OpsDataState-BS5QE8IA.js            2.04 kB │ gzip:   0.96 kB
artifacts/ops-jit-isolation/2026-09-10T04-36-46.047Z-62fbed62-454d-4bc8-95a2-125cf71d78c1/ui-dist/assets/antd-flex-DpIFjlaF.js               2.08 kB │ gzip:   0.99 kB
artifacts/ops-jit-isolation/2026-09-10T04-36-46.047Z-62fbed62-454d-4bc8-95a2-125cf71d78c1/ui-dist/assets/antd-col-F4QYtzlY.js                2.74 kB │ gzip:   1.42 kB
artifacts/ops-jit-isolation/2026-09-10T04-36-46.047Z-62fbed62-454d-4bc8-95a2-125cf71d78c1/ui-dist/assets/antd-statistic-T6gL3p1f.js          4.14 kB │ gzip:   1.92 kB
artifacts/ops-jit-isolation/2026-09-10T04-36-46.047Z-62fbed62-454d-4bc8-95a2-125cf71d78c1/ui-dist/assets/MembersPage-DF2qT9fB.js             4.22 kB │ gzip:   2.15 kB
artifacts/ops-jit-isolation/2026-09-10T04-36-46.047Z-62fbed62-454d-4bc8-95a2-125cf71d78c1/ui-dist/assets/antd-runtime-DUldMNl7.js            5.11 kB │ gzip:   2.24 kB
artifacts/ops-jit-isolation/2026-09-10T04-36-46.047Z-62fbed62-454d-4bc8-95a2-125cf71d78c1/ui-dist/assets/antd-config-provider-BO1gT_9L.js    5.18 kB │ gzip:   2.20 kB
artifacts/ops-jit-isolation/2026-09-10T04-36-46.047Z-62fbed62-454d-4bc8-95a2-125cf71d78c1/ui-dist/assets/OverviewPage-DvisB2sn.js            5.41 kB │ gzip:   2.44 kB
artifacts/ops-jit-isolation/2026-09-10T04-36-46.047Z-62fbed62-454d-4bc8-95a2-125cf71d78c1/ui-dist/assets/antd-switch-DaDIoX2s.js             7.50 kB │ gzip:   2.62 kB
artifacts/ops-jit-isolation/2026-09-10T04-36-46.047Z-62fbed62-454d-4bc8-95a2-125cf71d78c1/ui-dist/assets/antd-checkbox-BDYTjsEZ.js           7.54 kB │ gzip:   3.14 kB
artifacts/ops-jit-isolation/2026-09-10T04-36-46.047Z-62fbed62-454d-4bc8-95a2-125cf71d78c1/ui-dist/assets/antd-descriptions-DXFNjHle.js       7.86 kB │ gzip:   2.79 kB
artifacts/ops-jit-isolation/2026-09-10T04-36-46.047Z-62fbed62-454d-4bc8-95a2-125cf71d78c1/ui-dist/assets/StoragePage-Wb8KYz0F.js             7.91 kB │ gzip:   3.47 kB
artifacts/ops-jit-isolation/2026-09-10T04-36-46.047Z-62fbed62-454d-4bc8-95a2-125cf71d78c1/ui-dist/assets/antd-tag-J2kBXpSy.js                8.50 kB │ gzip:   3.32 kB
artifacts/ops-jit-isolation/2026-09-10T04-36-46.047Z-62fbed62-454d-4bc8-95a2-125cf71d78c1/ui-dist/assets/antd-alert-10l3fiOL.js              8.67 kB │ gzip:   3.38 kB
artifacts/ops-jit-isolation/2026-09-10T04-36-46.047Z-62fbed62-454d-4bc8-95a2-125cf71d78c1/ui-dist/assets/antd-segmented-D_nLd4jH.js          9.24 kB │ gzip:   3.54 kB
artifacts/ops-jit-isolation/2026-09-10T04-36-46.047Z-62fbed62-454d-4bc8-95a2-125cf71d78c1/ui-dist/assets/antd-radio-CFN9fooj.js             10.94 kB │ gzip:   3.72 kB
artifacts/ops-jit-isolation/2026-09-10T04-36-46.047Z-62fbed62-454d-4bc8-95a2-125cf71d78c1/ui-dist/assets/antd-badge-Bx6hgtD1.js             11.60 kB │ gzip:   4.27 kB
artifacts/ops-jit-isolation/2026-09-10T04-36-46.047Z-62fbed62-454d-4bc8-95a2-125cf71d78c1/ui-dist/assets/RulesPage-7i8sLOo_.js              11.86 kB │ gzip:   4.79 kB
artifacts/ops-jit-isolation/2026-09-10T04-36-46.047Z-62fbed62-454d-4bc8-95a2-125cf71d78c1/ui-dist/assets/ModelsPage-YsUACGSY.js             12.20 kB │ gzip:   4.56 kB
artifacts/ops-jit-isolation/2026-09-10T04-36-46.047Z-62fbed62-454d-4bc8-95a2-125cf71d78c1/ui-dist/assets/antd-drawer-cS91h5jN.js            14.33 kB │ gzip:   5.54 kB
artifacts/ops-jit-isolation/2026-09-10T04-36-46.047Z-62fbed62-454d-4bc8-95a2-125cf71d78c1/ui-dist/assets/antd-progress-DK370SLM.js          14.90 kB │ gzip:   5.76 kB
artifacts/ops-jit-isolation/2026-09-10T04-36-46.047Z-62fbed62-454d-4bc8-95a2-125cf71d78c1/ui-dist/assets/KnowledgePage-CKroBA2g.js          16.62 kB │ gzip:   5.58 kB
artifacts/ops-jit-isolation/2026-09-10T04-36-46.047Z-62fbed62-454d-4bc8-95a2-125cf71d78c1/ui-dist/assets/antd-typography-MB5A_4-3.js        17.24 kB │ gzip:   6.79 kB
artifacts/ops-jit-isolation/2026-09-10T04-36-46.047Z-62fbed62-454d-4bc8-95a2-125cf71d78c1/ui-dist/assets/AuditPage-BT9YaHSP.js              17.63 kB │ gzip:   6.17 kB
artifacts/ops-jit-isolation/2026-09-10T04-36-46.047Z-62fbed62-454d-4bc8-95a2-125cf71d78c1/ui-dist/assets/antd-input-number-CtCB21QY.js      19.60 kB │ gzip:   7.12 kB
artifacts/ops-jit-isolation/2026-09-10T04-36-46.047Z-62fbed62-454d-4bc8-95a2-125cf71d78c1/ui-dist/assets/antd-form-DW8KHQG-.js              26.57 kB │ gzip:  10.29 kB
artifacts/ops-jit-isolation/2026-09-10T04-36-46.047Z-62fbed62-454d-4bc8-95a2-125cf71d78c1/ui-dist/assets/antd-upload-29cqLU8j.js            27.74 kB │ gzip:   9.90 kB
artifacts/ops-jit-isolation/2026-09-10T04-36-46.047Z-62fbed62-454d-4bc8-95a2-125cf71d78c1/ui-dist/assets/antd-result-um2uPnWu.js            33.84 kB │ gzip:  10.41 kB
artifacts/ops-jit-isolation/2026-09-10T04-36-46.047Z-62fbed62-454d-4bc8-95a2-125cf71d78c1/ui-dist/assets/antd-input-BqXFoXf3.js             43.32 kB │ gzip:  13.15 kB
artifacts/ops-jit-isolation/2026-09-10T04-36-46.047Z-62fbed62-454d-4bc8-95a2-125cf71d78c1/ui-dist/assets/StoresPage-CYQ5xB1g.js             47.87 kB │ gzip:  14.41 kB
artifacts/ops-jit-isolation/2026-09-10T04-36-46.047Z-62fbed62-454d-4bc8-95a2-125cf71d78c1/ui-dist/assets/antd-icons-BXDqVe1H.js             51.07 kB │ gzip:  12.05 kB
artifacts/ops-jit-isolation/2026-09-10T04-36-46.047Z-62fbed62-454d-4bc8-95a2-125cf71d78c1/ui-dist/assets/antd-dropdown-DCFtUfkv.js          58.55 kB │ gzip:  17.21 kB
artifacts/ops-jit-isolation/2026-09-10T04-36-46.047Z-62fbed62-454d-4bc8-95a2-125cf71d78c1/ui-dist/assets/antd-app-xAU45EtY.js               65.63 kB │ gzip:  21.36 kB
artifacts/ops-jit-isolation/2026-09-10T04-36-46.047Z-62fbed62-454d-4bc8-95a2-125cf71d78c1/ui-dist/assets/antd-card-_RHtgBQq.js              74.28 kB │ gzip:  23.09 kB
artifacts/ops-jit-isolation/2026-09-10T04-36-46.047Z-62fbed62-454d-4bc8-95a2-125cf71d78c1/ui-dist/assets/antd-list-CD3Ch0jR.js             105.07 kB │ gzip:  33.73 kB
artifacts/ops-jit-isolation/2026-09-10T04-36-46.047Z-62fbed62-454d-4bc8-95a2-125cf71d78c1/ui-dist/assets/FinancePage-B1PbRSCv.js           116.43 kB │ gzip:  31.22 kB
artifacts/ops-jit-isolation/2026-09-10T04-36-46.047Z-62fbed62-454d-4bc8-95a2-125cf71d78c1/ui-dist/assets/antd-table-D0LHwl3H.js            133.94 kB │ gzip:  42.79 kB
artifacts/ops-jit-isolation/2026-09-10T04-36-46.047Z-62fbed62-454d-4bc8-95a2-125cf71d78c1/ui-dist/assets/TasksPage-Dep7cQVK.js             181.88 kB │ gzip:  54.36 kB
artifacts/ops-jit-isolation/2026-09-10T04-36-46.047Z-62fbed62-454d-4bc8-95a2-125cf71d78c1/ui-dist/assets/index-BT6cYcvC.js                 212.33 kB │ gzip:  63.15 kB
artifacts/ops-jit-isolation/2026-09-10T04-36-46.047Z-62fbed62-454d-4bc8-95a2-125cf71d78c1/ui-dist/assets/antd-_util-Cx8ZCuHy.js            404.39 kB │ gzip: 135.25 kB

✓ built in 629ms
