{"container":"merchant-audit-pg-20260907","postgresVersion":"postgres:16-alpine","tests":["packages/persistence/src/billing-repository.postgres.test.ts","packages/persistence/src/authorization-rls-boundary.postgres.test.ts","packages/persistence/src/authorization-repository.release.postgres.test.ts","packages/persistence/src/product-rls-tenant-boundary.postgres.test.ts","tests/postgres-rls-attack-matrix.test.ts","packages/persistence/src/migration-109-release.postgres.test.ts"],"evidence":"/Users/lixiaomei/Desktop/code/codexSkills/artifacts/audit-2026-09-07/runtime/postgres-initial.json","businessDatabaseAccess":false}

 RUN  v4.1.11 /Users/lixiaomei/Desktop/code/codexSkills

 ✓ tests/postgres-rls-attack-matrix.test.ts (1 test) 1509ms
     ✓ keeps workspace, brand, account, canonical, and listing rows tenant isolated  1508ms
 ❯ packages/persistence/src/authorization-repository.release.postgres.test.ts (1 test | 1 failed) 1676ms
     × persists a grant-bound reservation, enforces event idempotency, and replays after revoke 1675ms
 ❯ packages/persistence/src/authorization-rls-boundary.postgres.test.ts (1 test | 1 failed) 1822ms
     × does not leak platform scope and protects both authorization event ledgers 1821ms
 ❯ packages/persistence/src/migration-109-release.postgres.test.ts (1 test | 1 failed) 1662ms
     × atomically redrives once, preserves old evidence, audits, isolates tenants, and rejects mutation 1662ms
(node:75368) DeprecationWarning: Client.activeQuery is deprecated and will be removed in pg@9.0
(Use `node --trace-deprecation ...` to show where the warning was created)
(node:75368) DeprecationWarning: Client.queryQueue is deprecated and will be removed in pg@9.0.
 ❯ packages/persistence/src/billing-repository.postgres.test.ts (1 test | 1 failed) 2405ms
     × preserves numeric amounts and idempotency through real app-role payment and settlement queries 2405ms
 ✓ packages/persistence/src/product-rls-tenant-boundary.postgres.test.ts (1 test) 1585ms
     ✓ keeps customer rows isolated and rejects platform-scope spoofing  1583ms

⎯⎯⎯⎯⎯⎯⎯ Failed Tests 4 ⎯⎯⎯⎯⎯⎯⎯

 FAIL  packages/persistence/src/authorization-repository.release.postgres.test.ts > authorization execution reservation PostgreSQL release acceptance > persists a grant-bound reservation, enforces event idempotency, and replays after revoke
error: ops access grant scope is invalid
 ❯ node_modules/pg/lib/client.js:694:17
 ❯ packages/persistence/src/authorization-repository.ts:338:379

 ❯ PostgresAuthorizationRepository.transaction packages/persistence/src/authorization-repository.ts:330:301
 ❯ packages/persistence/src/authorization-repository.release.postgres.test.ts:37:21

⎯⎯⎯⎯⎯⎯⎯⎯⎯⎯⎯⎯⎯⎯⎯⎯⎯⎯⎯⎯⎯⎯⎯⎯[1/4]⎯

 FAIL  packages/persistence/src/authorization-rls-boundary.postgres.test.ts > authorization RLS/ACL boundary PostgreSQL probe > does not leak platform scope and protects both authorization event ledgers
error: ops access grant scope is invalid
 ❯ node_modules/pg-pool/index.js:45:11
 ❯ packages/persistence/src/authorization-rls-boundary.postgres.test.ts:39:7


⎯⎯⎯⎯⎯⎯⎯⎯⎯⎯⎯⎯⎯⎯⎯⎯⎯⎯⎯⎯⎯⎯⎯⎯[2/4]⎯

 FAIL  packages/persistence/src/billing-repository.postgres.test.ts > billing PostgreSQL bigint release acceptance > preserves numeric amounts and idempotency through real app-role payment and settlement queries
AssertionError: expected { original: { …(8) }, delta: { …(7) } } to deeply equal { original: { …(8) }, delta: { …(8) } }

- Expected
+ Received

@@ -1,8 +1,7 @@
  {
    "delta": {
-     "actorId": "merchant_roundtrip",
      "amountFen": 50,
      "createdAt": "2026-09-07T08:42:56.276Z",
      "description": "release model usage settlement（merchant_roundtrip）",
      "id": "billing_tx_0501f7fb-817a-49fb-823a-1a596e04a717",
      "orderId": "settlement:model_roundtrip",

 ❯ packages/persistence/src/billing-repository.postgres.test.ts:70:61
     68|       const settled = await repository.settleDebit(settlementInput)
     69|       expect(settled).toMatchObject({ original: { amountFen: 100 }, de…
     70|       expect(await repository.settleDebit(settlementInput)).toEqual(se…
       |                                                             ^
     71|       expect(await repository.balanceFen(workspaceId)).toBe(850)
     72|

⎯⎯⎯⎯⎯⎯⎯⎯⎯⎯⎯⎯⎯⎯⎯⎯⎯⎯⎯⎯⎯⎯⎯⎯[3/4]⎯

 FAIL  packages/persistence/src/migration-109-release.postgres.test.ts > migration 109 PostgreSQL asset scan redrive acceptance > atomically redrives once, preserves old evidence, audits, isolates tenants, and rejects mutation
AssertionError: expected [] to have a length of 1 but got +0

- Expected
+ Received

- 1
+ 0

 ❯ packages/persistence/src/migration-109-release.postgres.test.ts:42:24


⎯⎯⎯⎯⎯⎯⎯⎯⎯⎯⎯⎯⎯⎯⎯⎯⎯⎯⎯⎯⎯⎯⎯⎯[4/4]⎯

⎯⎯⎯⎯⎯⎯ Unhandled Errors ⎯⎯⎯⎯⎯⎯

Vitest caught 1 unhandled error during the test run.
This might cause false positive tests. Resolve unhandled errors to make sure your tests are not affected.

⎯⎯⎯⎯⎯ Uncaught Exception ⎯⎯⎯⎯⎯
error: terminating connection due to administrator command
 ❯ parseErrorMessage node_modules/pg-protocol/dist/parser.js:306:11
 ❯ Parser.handlePacket node_modules/pg-protocol/dist/parser.js:143:27
 ❯ Parser.parse node_modules/pg-protocol/dist/parser.js:37:38
 ❯ Socket.<anonymous> node_modules/pg-protocol/dist/index.js:12:42
 ❯ Socket.emit node:events:519:28
 ❯ addChunk node:internal/streams/readable:561:12
 ❯ readableAddChunkPushByteMode node:internal/streams/readable:512:3
 ❯ Socket.Readable.push node:internal/streams/readable:392:5
 ❯ TCP.onStreamRead node:internal/stream_base_commons:189:23

⎯⎯⎯⎯⎯⎯⎯⎯⎯⎯⎯⎯⎯⎯⎯⎯⎯⎯⎯⎯⎯⎯⎯⎯⎯⎯⎯⎯⎯⎯
Serialized Error: { length: 116, severity: 'FATAL', code: '57P01', detail: undefined, hint: undefined, position: undefined, internalPosition: undefined, internalQuery: undefined, where: undefined, schema: undefined, table: undefined, dataType: undefined, constraint: undefined, file: 'postgres.c', routine: 'ProcessInterrupts', client: { _events: { error: 'Function<anonymous>' }, _eventsCount: 1, _maxListeners: undefined, connectionParameters: { user: 'merchant_app', database: 'release_billing_b6dcb46eae9b4efcb5d5695c6cbf8f58', port: 32768, host: '127.0.0.1', password: 'merchant_app_local_only', binary: false, options: undefined, ssl: false, sslnegotiation: undefined, client_encoding: '', replication: undefined, isDomainSocket: false, application_name: undefined, fallback_application_name: undefined, statement_timeout: false, lock_timeout: false, idle_in_transaction_session_timeout: false, query_timeout: false, connect_timeout: +0, constructor: 'Function<ConnectionParameters>', getLibpqConnectionString: 'Function<getLibpqConnectionString>' }, user: 'merchant_app', database: 'release_billing_b6dcb46eae9b4efcb5d5695c6cbf8f58', port: 32768, host: '127.0.0.1', password: 'merchant_app_local_only', replication: undefined, _Promise: 'Function<Promise>', _types: { _types: { getTypeParser: 'Function<getTypeParser>', setTypeParser: 'Function<setTypeParser>', arrayParser: { create: 'Function<create>' }, builtins: { BOOL: 16, BYTEA: 17, CHAR: 18, INT8: 20, INT2: 21, INT4: 23, REGPROC: 24, TEXT: 25, OID: 26, TID: 27, XID: 28, CID: 29, JSON: 114, XML: 142, PG_NODE_TREE: 194, SMGR: 210, PATH: 602, POLYGON: 604, CIDR: 650, FLOAT4: 700, FLOAT8: 701, ABSTIME: 702, RELTIME: 703, TINTERVAL: 704, CIRCLE: 718, MACADDR8: 774, MONEY: 790, MACADDR: 829, INET: 869, ACLITEM: 1033, BPCHAR: 1042, VARCHAR: 1043, DATE: 1082, TIME: 1083, TIMESTAMP: 1114, TIMESTAMPTZ: 1184, INTERVAL: 1186, TIMETZ: 1266, BIT: 1560, VARBIT: 1562, NUMERIC: 1700, REFCURSOR: 1790, REGPROCEDURE: 2202, REGOPER: 2203, REGOPERATOR: 2204, REGCLASS: 2205, REGTYPE: 2206, UUID: 2950, TXID_SNAPSHOT: 2970, PG_LSN: 3220, PG_NDISTINCT: 3361, PG_DEPENDENCIES: 3402, TSVECTOR: 3614, TSQUERY: 3615, GTSVECTOR: 3642, REGCONFIG: 3734, REGDICTIONARY: 3769, JSONB: 3802, REGNAMESPACE: 4089, REGROLE: 4096 } }, text: {}, binary: {}, constructor: 'Function<TypeOverrides>', getOverrides: 'Function<anonymous>', setTypeParser: 'Function<anonymous>', getTypeParser: 'Function<anonymous>' }, _ending: true, _ended: false, _connecting: false, _connected: true, _connectionError: false, _queryable: false, _activeQuery: null, _txStatus: 'I', enableChannelBinding: false, scramMaxIterations: 100000, connection: { _events: { newListener: 'Function<anonymous>', connect: 'Function<anonymous>', sslconnect: 'Function<anonymous>', authenticationCleartextPassword: 'Function<bound _handleAuthCleartextPassword>', authenticationMD5Password: 'Function<bound _handleAuthMD5Password>', authenticationSASL: 'Function<bound _handleAuthSASL>', authenticationSASLContinue: 'Function<bound _handleAuthSASLContinue>', authenticationSASLFinal: 'Function<bound _handleAuthSASLFinal>', backendKeyData: 'Function<bound _handleBackendKeyData>', error: 'Function<bound _handleErrorEvent>', errorMessage: 'Function<bound _handleErrorMessage>', readyForQuery: 'Function<bound _handleReadyForQuery>', notice: 'Function<bound _handleNotice>', rowDescription: 'Function<bound _handleRowDescription>', dataRow: 'Function<bound _handleDataRow>', portalSuspended: 'Function<bound _handlePortalSuspended>', emptyQuery: 'Function<bound _handleEmptyQuery>', commandComplete: 'Function<bound _handleCommandComplete>', parseComplete: 'Function<bound _handleParseComplete>', copyInResponse: 'Function<bound _handleCopyInResponse>', copyData: 'Function<bound _handleCopyData>', notification: 'Function<bound _handleNotification>', end: [ 'Function<bound onceWrapper>', 'Function<bound onceWrapper>', 'Function<bound onceWrapper>' ] }, _eventsCount: 23, _maxListeners: undefined, stream: { connecting: false, _hadError: false, _parent: null, _host: null, _closeAfterHandlingError: false, _events: { close: 'Function<anonymous>', error: 'Function<reportStreamError>', prefinish: undefined, finish: undefined, drain: undefined, data: 'Function<anonymous>', end: [ 'Function<onReadableStreamEnd>', 'Function<anonymous>' ], readable: undefined, connect: undefined }, _readableState: { highWaterMark: 65536, buffer: [], bufferIndex: +0, length: +0, pipes: [], awaitDrainWriters: null, constructor: 'Function<ReadableState>', objectMode: false, ended: false, endEmitted: false, reading: false, constructed: true, sync: false, needReadable: true, emittedReadable: false, readableListening: false, resumeScheduled: false, errorEmitted: false, emitClose: false, autoDestroy: true, destroyed: true, closed: true, closeEmitted: false, multiAwaitDrain: false, readingMore: false, dataEmitted: true, errored: null, defaultEncoding: 'utf8', decoder: null, encoding: null, flowing: true, pipesCount: +0, paused: false }, _writableState: { highWaterMark: 65536, length: +0, corked: +0, onwrite: 'Function<bound onwrite>', writelen: +0, bufferedIndex: +0, pendingcb: +0, constructor: 'Function<WritableState>', objectMode: false, finalCalled: true, needDrain: false, ending: true, ended: true, finished: true, destroyed: true, decodeStrings: false, writing: false, sync: false, bufferProcessing: false, constructed: true, prefinished: true, errorEmitted: false, emitClose: false, autoDestroy: true, closed: true, closeEmitted: false, allBuffers: true, allNoop: true, errored: null, writable: undefined, defaultEncoding: 'utf8', writecb: 'Function<nop>', afterWriteTickInfo: null, buffered: [], getBuffer: 'Function<getBuffer>', bufferedRequestCount: +0 }, allowHalfOpen: false, _maxListeners: undefined, _eventsCount: 4, _sockname: null, _pendingData: null, _pendingEncoding: '', server: null, _server: null, constructor: 'Function<Socket>', _unrefTimer: 'Function<_unrefTimer>', _final: 'Function<anonymous>', setTimeout: 'Function<setStreamTimeout>', _onTimeout: 'Function<anonymous>', setNoDelay: 'Function<anonymous>', setKeepAlive: 'Function<anonymous>', address: 'Function<anonymous>', _connecting: false, pending: true, readyState: 'closed', bufferSize: undefined, _read: 'Function<anonymous>', end: 'Function<anonymous>', resetAndDestroy: 'Function<anonymous>', pause: 'Function<anonymous>', resume: 'Function<anonymous>', read: 'Function<anonymous>', destroySoon: 'Function<anonymous>', _destroy: 'Function<anonymous>', _reset: 'Function<anonymous>', _getpeername: 'Function<anonymous>', bytesRead: 9116, remoteAddress: undefined, remoteFamily: undefined, remotePort: undefined, _getsockname: 'Function<anonymous>', localAddress: undefined, localPort: undefined, localFamily: undefined, _writeGeneric: 'Function<anonymous>', _writev: 'Function<anonymous>', _write: 'Function<anonymous>', _bytesDispatched: 7981, bytesWritten: 7981, connect: 'Function<anonymous>', ref: 'Function<anonymous>', unref: 'Function<anonymous>', _handle: null, write: 'Function<anonymous>', cork: 'Function<anonymous>', uncork: 'Function<anonymous>', setDefaultEncoding: 'Function<setDefaultEncoding>', destroy: 'Function<anonymous>', writable: false, writableHighWaterMark: 65536, writableObjectMode: false, writableBuffer: [], writableLength: +0, writableFinished: true, writableCorked: +0, writableEnded: true, writableNeedDrain: false, destroyed: true, _undestroy: 'Function<undestroy>', push: 'Function<anonymous>', unshift: 'Function<anonymous>', isPaused: 'Function<anonymous>', setEncoding: 'Function<anonymous>', pipe: 'Function<anonymous>', unpipe: 'Function<anonymous>', on: 'Function<anonymous>', addListener: 'Function<anonymous>', removeListener: 'Function<anonymous>', off: 'Function<anonymous>', removeAllListeners: 'Function<anonymous>', wrap: 'Function<anonymous>', iterator: 'Function<anonymous>', readable: false, readableDidRead: true, readableAborted: true, readableHighWaterMark: 65536, readableBuffer: [], readableFlowing: true, readableLength: +0, readableObjectMode: false, readableEncoding: null, errored: null, closed: true, readableEnded: false, drop: 'Function<drop>', filter: 'Function<filter>', flatMap: 'Function<flatMap>', map: 'Function<map>', take: 'Function<take>', compose: 'Function<compose>', every: 'Function<every>', forEach: 'Function<forEach>', reduce: 'Function<reduce>', toArray: 'Function<toArray>', some: 'Function<some>', find: 'Function<find>', eventNames: 'Function<eventNames>', setMaxListeners: 'Function<setMaxListeners>', getMaxListeners: 'Function<getMaxListeners>', emit: 'Function<emit>', prependListener: 'Function<prependListener>', once: 'Function<once>', prependOnceListener: 'Function<prependOnceListener>', listeners: 'Function<listeners>', rawListeners: 'Function<rawListeners>', listenerCount: 'Function<listenerCount>' }, _keepAlive: false, _keepAliveInitialDelayMillis: +0, parsedStatements: {}, submittedNamedStatements: {}, ssl: false, sslNegotiation: 'postgres', _ending: true, _emitMessage: false, _connecting: true, constructor: 'Function<Connection>', connect: 'Function<connect>', upgradeToSSL: 'Function<upgradeToSSL>', attachListeners: 'Function<attachListeners>', requestSsl: 'Function<requestSsl>', startup: 'Function<startup>', cancel: 'Function<cancel>', password: 'Function<password>', sendSASLInitialResponseMessage: 'Function<sendSASLInitialResponseMessage>', sendSCRAMClientFinalMessage: 'Function<sendSCRAMClientFinalMessage>', _send: 'Function<_send>', query: 'Function<query>', parse: 'Function<parse>', bind: 'Function<bind>', execute: 'Function<execute>', flush: 'Function<flush>', sync: 'Function<sync>', ref: 'Function<ref>', unref: 'Function<unref>', end: 'Function<end>', close: 'Function<close>', describe: 'Function<describe>', sendCopyFromChunk: 'Function<sendCopyFromChunk>', endCopyFrom: 'Function<endCopyFrom>', sendCopyFail: 'Function<sendCopyFail>', setMaxListeners: 'Function<setMaxListeners>', getMaxListeners: 'Function<getMaxListeners>', emit: 'Function<emit>', addListener: 'Function<addListener>', on: 'Function<addListener>', prependListener: 'Function<prependListener>', once: 'Function<once>', prependOnceListener: 'Function<prependOnceListener>', removeListener: 'Function<removeListener>', off: 'Function<removeListener>', removeAllListeners: 'Function<removeAllListeners>', listeners: 'Function<listeners>', rawListeners: 'Function<rawListeners>', listenerCount: 'Function<listenerCount>', eventNames: 'Function<eventNames>' }, _queryQueue: [], _sentQueryQueue: [], pipeline: false, binary: false, processID: 94, secretKey: 315359971, ssl: false, sslNegotiation: 'postgres', _connectionTimeoutMillis: +0, _connectionCallback: null, saslSession: null, release: 'Function<anonymous>', readyForQuery: true, hasExecuted: true, _poolUseCount: 11, constructor: 'Function<Client>', activeQuery: null, _getActiveQuery: 'Function<_getActiveQuery>', _errorAllQueries: 'Function<_errorAllQueries>', _connect: 'Function<_connect>', connect: 'Function<connect>', _attachListeners: 'Function<_attachListeners>', _getPassword: 'Function<_getPassword>', _handleAuthCleartextPassword: 'Function<_handleAuthCleartextPassword>', _handleAuthMD5Password: 'Function<_handleAuthMD5Password>', _handleAuthSASL: 'Function<_handleAuthSASL>', _handleAuthSASLContinue: 'Function<_handleAuthSASLContinue>', _handleAuthSASLFinal: 'Function<_handleAuthSASLFinal>', _handleBackendKeyData: 'Function<_handleBackendKeyData>', _handleReadyForQuery: 'Function<_handleReadyForQuery>', _handleErrorWhileConnecting: 'Function<_handleErrorWhileConnecting>', _handleErrorEvent: 'Function<_handleErrorEvent>', _handleErrorMessage: 'Function<_handleErrorMessage>', _handleRowDescription: 'Function<_handleRowDescription>', _handleDataRow: 'Function<_handleDataRow>', _handlePortalSuspended: 'Function<_handlePortalSuspended>', _handleEmptyQuery: 'Function<_handleEmptyQuery>', _handleCommandComplete: 'Function<_handleCommandComplete>', _handleParseComplete: 'Function<_handleParseComplete>', _handleCopyInResponse: 'Function<_handleCopyInResponse>', _handleCopyData: 'Function<_handleCopyData>', _handleNotification: 'Function<_handleNotification>', _handleNotice: 'Function<_handleNotice>', getStartupConf: 'Function<getStartupConf>', cancel: 'Function<cancel>', setTypeParser: 'Function<setTypeParser>', getTypeParser: 'Function<getTypeParser>', escapeIdentifier: 'Function<escapeIdentifier>', escapeLiteral: 'Function<escapeLiteral>', _pulseQueryQueue: 'Function<_pulseQueryQueue>', _pulsePipelinedQueryQueue: 'Function<_pulsePipelinedQueryQueue>', query: 'Function<query>', ref: 'Function<ref>', unref: 'Function<unref>', getTransactionStatus: 'Function<getTransactionStatus>', end: 'Function<end>', queryQueue: [], setMaxListeners: 'Function<setMaxListeners>', getMaxListeners: 'Function<getMaxListeners>', emit: 'Function<emit>', addListener: 'Function<addListener>', on: 'Function<addListener>', prependListener: 'Function<prependListener>', once: 'Function<once>', prependOnceListener: 'Function<prependOnceListener>', removeListener: 'Function<removeListener>', off: 'Function<removeListener>', removeAllListeners: 'Function<removeAllListeners>', listeners: 'Function<listeners>', rawListeners: 'Function<rawListeners>', listenerCount: 'Function<listenerCount>', eventNames: 'Function<eventNames>' } }
This error originated in "packages/persistence/src/billing-repository.postgres.test.ts" test file. It doesn't mean the error was thrown inside the file itself, but while it was running.
The latest test that might've caused the error is "preserves numeric amounts and idempotency through real app-role payment and settlement queries". It might mean one of the following:
- The error was thrown, while Vitest was running this test.
- If the error occurred after the test had been completed, this was the last documented test before it was thrown.
⎯⎯⎯⎯⎯⎯⎯⎯⎯⎯⎯⎯⎯⎯⎯⎯⎯⎯⎯⎯⎯⎯⎯⎯⎯⎯⎯⎯⎯⎯


 Test Files  4 failed | 2 passed (6)
      Tests  4 failed | 2 passed (6)
     Errors  1 error
   Start at  16:42:46
   Duration  11.78s (transform 123ms, setup 0ms, import 298ms, tests 10.66s, environment 0ms)

JSON report written to /Users/lixiaomei/Desktop/code/codexSkills/artifacts/audit-2026-09-07/runtime/postgres-initial.json
{"files":6,"passed":2,"failed":4,"notExecuted":0,"expectedFiles":6}
