{"container":"merchant-audit-pg-20260907","postgresVersion":"postgres:16-alpine","tests":["packages/persistence/src/billing-repository.postgres.test.ts","packages/persistence/src/authorization-rls-boundary.postgres.test.ts","packages/persistence/src/authorization-repository.release.postgres.test.ts","packages/persistence/src/product-rls-tenant-boundary.postgres.test.ts","tests/postgres-rls-attack-matrix.test.ts","packages/persistence/src/migration-109-release.postgres.test.ts","tests/outbox-retry.postgres.test.ts"],"evidence":"/Users/lixiaomei/Desktop/code/codexSkills/artifacts/audit-2026-09-07/runtime/postgres-1788771142349.json","businessDatabaseAccess":false}

 RUN  v4.1.11 /Users/lixiaomei/Desktop/code/codexSkills

 ❯ packages/persistence/src/authorization-rls-boundary.postgres.test.ts (1 test | 1 failed) 1690ms
     × does not leak platform scope and protects both authorization event ledgers 1689ms
 ❯ packages/persistence/src/authorization-repository.release.postgres.test.ts (1 test | 1 failed) 2003ms
     × persists a grant-bound reservation, enforces event idempotency, and replays after revoke 2002ms
 ✓ packages/persistence/src/migration-109-release.postgres.test.ts (2 tests) 3804ms
     ✓ atomically redrives terminal-marker once, preserves old evidence, audits, isolates tenants, and rejects mutation  1837ms
     ✓ atomically redrives legacy-published once, preserves old evidence, audits, isolates tenants, and rejects mutation  1965ms
 ✓ packages/persistence/src/product-rls-tenant-boundary.postgres.test.ts (1 test) 3592ms
     ✓ keeps customer rows isolated and rejects platform-scope spoofing  3590ms
 ✓ tests/postgres-rls-attack-matrix.test.ts (1 test) 4198ms
     ✓ keeps workspace, brand, account, canonical, and listing rows tenant isolated  4197ms
 ✓ packages/persistence/src/billing-repository.postgres.test.ts (1 test) 2822ms
     ✓ preserves numeric amounts and idempotency through real app-role payment and settlement queries  2822ms
 ✓ tests/outbox-retry.postgres.test.ts (3 tests) 5150ms

⎯⎯⎯⎯⎯⎯⎯ Failed Tests 2 ⎯⎯⎯⎯⎯⎯⎯

 FAIL  packages/persistence/src/authorization-repository.release.postgres.test.ts > authorization execution reservation PostgreSQL release acceptance > persists a grant-bound reservation, enforces event idempotency, and replays after revoke
error: ops access grant scope is invalid
 ❯ node_modules/pg/lib/client.js:694:17
 ❯ packages/persistence/src/authorization-repository.ts:338:379

 ❯ PostgresAuthorizationRepository.transaction packages/persistence/src/authorization-repository.ts:330:301
 ❯ packages/persistence/src/authorization-repository.release.postgres.test.ts:37:21

⎯⎯⎯⎯⎯⎯⎯⎯⎯⎯⎯⎯⎯⎯⎯⎯⎯⎯⎯⎯⎯⎯⎯⎯[1/2]⎯

 FAIL  packages/persistence/src/authorization-rls-boundary.postgres.test.ts > authorization RLS/ACL boundary PostgreSQL probe > does not leak platform scope and protects both authorization event ledgers
error: ops access grant scope is invalid
 ❯ node_modules/pg-pool/index.js:45:11
 ❯ packages/persistence/src/authorization-rls-boundary.postgres.test.ts:39:7


⎯⎯⎯⎯⎯⎯⎯⎯⎯⎯⎯⎯⎯⎯⎯⎯⎯⎯⎯⎯⎯⎯⎯⎯[2/2]⎯


 Test Files  2 failed | 5 passed (7)
      Tests  2 failed | 8 passed (10)
   Start at  16:52:22
   Duration  24.85s (transform 204ms, setup 0ms, import 451ms, tests 23.26s, environment 0ms)

JSON report written to /Users/lixiaomei/Desktop/code/codexSkills/artifacts/audit-2026-09-07/runtime/postgres-1788771142349.json
{"files":7,"passed":8,"failed":2,"notExecuted":0,"expectedFiles":7}
