{"container":"merchant-audit-pg-20260907","postgresVersion":"postgres:16-alpine","tests":["packages/persistence/src/authorization-repository.release.postgres.test.ts","packages/persistence/src/authorization-rls-boundary.postgres.test.ts"],"evidence":"/Users/lixiaomei/Desktop/code/codexSkills/artifacts/audit-2026-09-07/runtime/postgres-1788772470212.json","businessDatabaseAccess":false}

 RUN  v4.1.11 /Users/lixiaomei/Desktop/code/codexSkills

 ❯ packages/persistence/src/authorization-repository.release.postgres.test.ts (1 test | 1 failed) 1373ms
     × persists a grant-bound reservation, enforces event idempotency, and replays after revoke 1372ms
 ❯ packages/persistence/src/authorization-rls-boundary.postgres.test.ts (1 test | 1 failed) 2633ms
     × does not leak platform scope and protects both authorization event ledgers 2632ms

⎯⎯⎯⎯⎯⎯⎯ Failed Tests 2 ⎯⎯⎯⎯⎯⎯⎯

 FAIL  packages/persistence/src/authorization-repository.release.postgres.test.ts > authorization execution reservation PostgreSQL release acceptance > persists a grant-bound reservation, enforces event idempotency, and replays after revoke
error: ops access grant scope is invalid
 ❯ node_modules/pg/lib/client.js:694:17
 ❯ packages/persistence/src/authorization-repository.ts:338:379

 ❯ PostgresAuthorizationRepository.transaction packages/persistence/src/authorization-repository.ts:330:301
 ❯ packages/persistence/src/authorization-repository.release.postgres.test.ts:37:21

⎯⎯⎯⎯⎯⎯⎯⎯⎯⎯⎯⎯⎯⎯⎯⎯⎯⎯⎯⎯⎯⎯⎯⎯[1/2]⎯

 FAIL  packages/persistence/src/authorization-rls-boundary.postgres.test.ts > authorization RLS/ACL boundary PostgreSQL probe > does not leak platform scope and protects both authorization event ledgers
error: ops access grant scope is invalid
 ❯ node_modules/pg-pool/index.js:45:11
 ❯ packages/persistence/src/authorization-rls-boundary.postgres.test.ts:39:7


⎯⎯⎯⎯⎯⎯⎯⎯⎯⎯⎯⎯⎯⎯⎯⎯⎯⎯⎯⎯⎯⎯⎯⎯[2/2]⎯


 Test Files  2 failed (2)
      Tests  2 failed (2)
   Start at  17:14:30
   Duration  4.37s (transform 66ms, setup 0ms, import 122ms, tests 4.01s, environment 0ms)

JSON report written to /Users/lixiaomei/Desktop/code/codexSkills/artifacts/audit-2026-09-07/runtime/postgres-1788772470212.json
{"files":2,"passed":0,"failed":2,"notExecuted":0,"expectedFiles":2}
